
   FAIL  Tests\Feature\PortfolioTest
  Γ¿» home page loads correctly
  Γ¿» project details page loads correctly
  Γ¿» contact form sends email and redirects correctly
  Γ¿» contact form requires validation
  Γ¿» admin panel requires authentication
  ΓöÇΓöÇΓöÇΓöÇΓöÇΓöÇΓöÇΓöÇΓöÇΓöÇΓöÇΓöÇΓöÇΓöÇΓöÇΓöÇΓöÇΓöÇΓöÇ  
  ΓÇª   QueryException   
  could not find driver (Connection: sqlite, Database: :memory:, SQL: insert into "profiles" ("name", "role", "email", "bio", "is_open_to_work", "updated_at", "created_at") values (Syifa Raditya, Full Stack Developer, admin@example.com, A passionate developer., 1, 2026-01-24 05:12:59, 2026-01-24 05:12:59))

  at vendor\laravel\framework\src\Illuminate\Database\Connectors\Connector.php:67
     63Γûò     protected function createPdoConnection($dsn, $username, #[\SensitiveParameter] $password, $options)
     64Γûò     {
     65Γûò         return version_compare(PHP_VERSION, '8.4.0', '<')
     66Γûò             ? new PDO($dsn, $username, $password, $options)
  Γ₧£  67Γûò             : PDO::connect($dsn, $username, $password, $options); /** @phpstan-ignore staticMethod.notFound (PHP 8.4) */
     68Γûò     }
     69Γûò 
     70Γûò     /**
     71Γûò      * Handle an exception that occurred during connect execution.

  1   vendor\laravel\framework\src\Illuminate\Database\Connectors\Connector.php:67
  2   vendor\laravel\framework\src\Illuminate\Database\Connectors\Connector.php:44

  ΓöÇΓöÇΓöÇΓöÇΓöÇΓöÇΓöÇΓöÇΓöÇΓöÇΓöÇΓöÇΓöÇΓöÇΓöÇΓöÇΓöÇΓöÇΓöÇ  
  ΓÇª   QueryException   
  could not find driver (Connection: sqlite, Database: :memory:, SQL: insert into "profiles" ("name", "role", "email", "bio", "is_open_to_work", "updated_at", "created_at") values (Syifa Raditya, Full Stack Developer, admin@example.com, A passionate developer., 1, 2026-01-24 05:12:59, 2026-01-24 05:12:59))

  at vendor\laravel\framework\src\Illuminate\Database\Connectors\Connector.php:67
     63Γûò     protected function createPdoConnection($dsn, $username, #[\SensitiveParameter] $password, $options)
     64Γûò     {
     65Γûò         return version_compare(PHP_VERSION, '8.4.0', '<')
     66Γûò             ? new PDO($dsn, $username, $password, $options)
  Γ₧£  67Γûò             : PDO::connect($dsn, $username, $password, $options); /** @phpstan-ignore staticMethod.notFound (PHP 8.4) */
     68Γûò     }
     69Γûò 
     70Γûò     /**
     71Γûò      * Handle an exception that occurred during connect execution.

  1   vendor\laravel\framework\src\Illuminate\Database\Connectors\Connector.php:67
  2   vendor\laravel\framework\src\Illuminate\Database\Connectors\Connector.php:44

  ΓöÇΓöÇΓöÇΓöÇΓöÇΓöÇΓöÇΓöÇΓöÇΓöÇΓöÇΓöÇΓöÇΓöÇΓöÇΓöÇΓöÇΓöÇΓöÇ  
  ΓÇª   QueryException   
  could not find driver (Connection: sqlite, Database: :memory:, SQL: insert into "profiles" ("name", "role", "email", "bio", "is_open_to_work", "updated_at", "created_at") values (Syifa Raditya, Full Stack Developer, admin@example.com, A passionate developer., 1, 2026-01-24 05:12:59, 2026-01-24 05:12:59))

  at vendor\laravel\framework\src\Illuminate\Database\Connectors\Connector.php:67
     63Γûò     protected function createPdoConnection($dsn, $username, #[\SensitiveParameter] $password, $options)
     64Γûò     {
     65Γûò         return version_compare(PHP_VERSION, '8.4.0', '<')
     66Γûò             ? new PDO($dsn, $username, $password, $options)
  Γ₧£  67Γûò             : PDO::connect($dsn, $username, $password, $options); /** @phpstan-ignore staticMethod.notFound (PHP 8.4) */
     68Γûò     }
     69Γûò 
     70Γûò     /**
     71Γûò      * Handle an exception that occurred during connect execution.

  1   vendor\laravel\framework\src\Illuminate\Database\Connectors\Connector.php:67
  2   vendor\laravel\framework\src\Illuminate\Database\Connectors\Connector.php:44

  ΓöÇΓöÇΓöÇΓöÇΓöÇΓöÇΓöÇΓöÇΓöÇΓöÇΓöÇΓöÇΓöÇΓöÇΓöÇΓöÇΓöÇΓöÇΓöÇ  
  ΓÇª   QueryException   
  could not find driver (Connection: sqlite, Database: :memory:, SQL: insert into "profiles" ("name", "role", "email", "bio", "is_open_to_work", "updated_at", "created_at") values (Syifa Raditya, Full Stack Developer, admin@example.com, A passionate developer., 1, 2026-01-24 05:12:59, 2026-01-24 05:12:59))

  at vendor\laravel\framework\src\Illuminate\Database\Connectors\Connector.php:67
     63Γûò     protected function createPdoConnection($dsn, $username, #[\SensitiveParameter] $password, $options)
     64Γûò     {
     65Γûò         return version_compare(PHP_VERSION, '8.4.0', '<')
     66Γûò             ? new PDO($dsn, $username, $password, $options)
  Γ₧£  67Γûò             : PDO::connect($dsn, $username, $password, $options); /** @phpstan-ignore staticMethod.notFound (PHP 8.4) */
     68Γûò     }
     69Γûò 
     70Γûò     /**
     71Γûò      * Handle an exception that occurred during connect execution.

  1   vendor\laravel\framework\src\Illuminate\Database\Connectors\Connector.php:67
  2   vendor\laravel\framework\src\Illuminate\Database\Connectors\Connector.php:44

  ΓöÇΓöÇΓöÇΓöÇΓöÇΓöÇΓöÇΓöÇΓöÇΓöÇΓöÇΓöÇΓöÇΓöÇΓöÇΓöÇΓöÇΓöÇΓöÇ  
  ΓÇª   QueryException   
  could not find driver (Connection: sqlite, Database: :memory:, SQL: insert into "profiles" ("name", "role", "email", "bio", "is_open_to_work", "updated_at", "created_at") values (Syifa Raditya, Full Stack Developer, admin@example.com, A passionate developer., 1, 2026-01-24 05:12:59, 2026-01-24 05:12:59))

  at vendor\laravel\framework\src\Illuminate\Database\Connectors\Connector.php:67
     63Γûò     protected function createPdoConnection($dsn, $username, #[\SensitiveParameter] $password, $options)
     64Γûò     {
     65Γûò         return version_compare(PHP_VERSION, '8.4.0', '<')
     66Γûò             ? new PDO($dsn, $username, $password, $options)
  Γ₧£  67Γûò             : PDO::connect($dsn, $username, $password, $options); /** @phpstan-ignore staticMethod.notFound (PHP 8.4) */
     68Γûò     }
     69Γûò 
     70Γûò     /**
     71Γûò      * Handle an exception that occurred during connect execution.

  1   vendor\laravel\framework\src\Illuminate\Database\Connectors\Connector.php:67
  2   vendor\laravel\framework\src\Illuminate\Database\Connectors\Connector.php:44


  Tests:    5 failed (0 assertions)
  Duration: 1.13s

